[0m10:54:28.600296 [debug] [MainThread]: Sending event: {'category': 'dbt', 'action': 'invocation', 'label': 'start', 'context': [<snowplow_tracker.self_describing_json.SelfDescribingJson object at 0x7f796dcca9c0>, <snowplow_tracker.self_describing_json.SelfDescribingJson object at 0x7f796d1df830>, <snowplow_tracker.self_describing_json.SelfDescribingJson object at 0x7f796dcc8c50>]}


============================== 10:54:28.617886 | e7c5489d-6dca-435d-a7a8-552637180939 ==============================
[0m10:54:28.617886 [info ] [MainThread]: Running with dbt=1.11.8
[0m10:54:28.619298 [debug] [MainThread]: running dbt with arguments {'target_path': 'None', 'static_parser': 'True', 'warn_error_options': 'WarnErrorOptionsV2(error=[], warn=[], silence=[])', 'use_colors': 'True', 'debug': 'False', 'empty': 'None', 'introspect': 'True', 'write_json': 'True', 'printer_width': '80', 'log_format': 'default', 'quiet': 'False', 'send_anonymous_usage_stats': 'True', 'invocation_command': 'dbt init', 'cache_selected_only': 'False', 'warn_error': 'None', 'fail_fast': 'False', 'no_print': 'None', 'log_cache_events': 'False', 'indirect_selection': 'eager', 'use_experimental_parser': 'False', 'profiles_dir': '/root/.dbt', 'log_path': 'logs', 'version_check': 'True', 'partial_parse': 'True'}
[0m10:54:28.649588 [info ] [MainThread]: Creating dbt configuration folder at /root/.dbt
[0m10:55:03.272098 [debug] [MainThread]: Starter project path: /usr/local/lib/python3.12/site-packages/dbt/include/starter_project
[0m10:55:03.282670 [info ] [MainThread]: 
Your new dbt project "dbt_pipeline" was created!

For more information on how to configure the profiles.yml file,
please consult the dbt documentation here:

  https://docs.getdbt.com/docs/configure-your-profile

One more thing:

Need help? Don't hesitate to reach out to us via GitHub issues or on Slack:

  https://community.getdbt.com/

Happy modeling!

[0m10:55:03.283896 [info ] [MainThread]: Setting up your profile.
[0m10:55:10.924263 [debug] [MainThread]: Snowflake adapter: Setting snowflake.connector to ERROR (file logging only)
[0m10:55:10.924842 [debug] [MainThread]: Snowflake adapter: Setting botocore to ERROR (file logging only)
[0m10:55:10.925284 [debug] [MainThread]: Snowflake adapter: Setting boto3 to ERROR (file logging only)
[0m10:58:47.568983 [info ] [MainThread]: Profile dbt_pipeline written to /root/.dbt/profiles.yml using target's profile_template.yml and your supplied values. Run 'dbt debug' to validate the connection.
[0m10:58:47.581593 [debug] [MainThread]: Resource report: {"command_name": "init", "command_success": true, "command_wall_clock_time": 259.0572, "process_in_blocks": "123296", "process_kernel_time": 0.467701, "process_mem_max_rss": "129760", "process_out_blocks": "4784", "process_user_time": 3.374708}
[0m10:58:47.583282 [debug] [MainThread]: Command `dbt init` succeeded at 10:58:47.582982 after 259.06 seconds
[0m10:58:47.584220 [debug] [MainThread]: Sending event: {'category': 'dbt', 'action': 'invocation', 'label': 'end', 'context': [<snowplow_tracker.self_describing_json.SelfDescribingJson object at 0x7f796d46e180>, <snowplow_tracker.self_describing_json.SelfDescribingJson object at 0x7f796b5e4800>, <snowplow_tracker.self_describing_json.SelfDescribingJson object at 0x7f796cbdcb90>]}
[0m10:58:47.585191 [debug] [MainThread]: Flushing usage events
[0m10:58:48.164959 [debug] [MainThread]: An error was encountered while trying to flush usage events
[0m11:26:42.711923 [debug] [MainThread]: Sending event: {'category': 'dbt', 'action': 'invocation', 'label': 'start', 'context': [<snowplow_tracker.self_describing_json.SelfDescribingJson object at 0x7f5975d7ccb0>, <snowplow_tracker.self_describing_json.SelfDescribingJson object at 0x7f5976e521e0>, <snowplow_tracker.self_describing_json.SelfDescribingJson object at 0x7f5975d7f200>]}


============================== 11:26:42.715943 | 73cc1937-6d68-4a1d-86a3-a77ea3e5f6e8 ==============================
[0m11:26:42.715943 [info ] [MainThread]: Running with dbt=1.11.8
[0m11:26:42.716596 [debug] [MainThread]: running dbt with arguments {'warn_error_options': 'WarnErrorOptionsV2(error=[], warn=[], silence=[])', 'warn_error': 'None', 'partial_parse': 'True', 'fail_fast': 'False', 'target_path': 'None', 'write_json': 'True', 'introspect': 'True', 'version_check': 'True', 'quiet': 'False', 'empty': 'None', 'invocation_command': 'dbt debug', 'log_path': 'logs', 'send_anonymous_usage_stats': 'True', 'no_print': 'None', 'use_colors': 'True', 'cache_selected_only': 'False', 'static_parser': 'True', 'use_experimental_parser': 'False', 'printer_width': '80', 'log_format': 'default', 'profiles_dir': '/root/.dbt', 'log_cache_events': 'False', 'indirect_selection': 'eager', 'debug': 'False'}
[0m11:26:42.729151 [info ] [MainThread]: dbt version: 1.11.8
[0m11:26:42.729696 [info ] [MainThread]: python version: 3.12.13
[0m11:26:42.730145 [info ] [MainThread]: python path: /usr/local/bin/python3.12
[0m11:26:42.730560 [info ] [MainThread]: os info: Linux-5.15.0-173-generic-x86_64-with-glibc2.36
[0m11:26:43.077197 [debug] [MainThread]: Snowflake adapter: Setting snowflake.connector to ERROR (file logging only)
[0m11:26:43.077785 [debug] [MainThread]: Snowflake adapter: Setting botocore to ERROR (file logging only)
[0m11:26:43.078220 [debug] [MainThread]: Snowflake adapter: Setting boto3 to ERROR (file logging only)
[0m11:26:43.229127 [info ] [MainThread]: Using profiles dir at /root/.dbt
[0m11:26:43.229713 [info ] [MainThread]: Using profiles.yml file at /root/.dbt/profiles.yml
[0m11:26:43.230218 [info ] [MainThread]: Using dbt_project.yml file at /app/dbt_project.yml
[0m11:26:43.230887 [info ] [MainThread]: adapter type: snowflake
[0m11:26:43.231347 [info ] [MainThread]: adapter version: 1.11.4
[0m11:26:43.231869 [info ] [MainThread]: Configuration:
[0m11:26:43.232304 [info ] [MainThread]:   profiles.yml file [[32mOK found and valid[0m]
[0m11:26:43.232732 [info ] [MainThread]:   dbt_project.yml file [[31mERROR not found[0m]
[0m11:26:43.233158 [info ] [MainThread]: Required dependencies:
[0m11:26:43.233629 [debug] [MainThread]: Executing "git --help"
[0m11:26:43.235412 [info ] [MainThread]:  - git [[31mERROR[0m]

[0m11:26:43.236002 [info ] [MainThread]: Connection:
[0m11:26:43.236480 [info ] [MainThread]:   account: svpgwfr-hcb22651
[0m11:26:43.236917 [info ] [MainThread]:   user: pbln
[0m11:26:43.237618 [info ] [MainThread]:   database: dbt_db
[0m11:26:43.238338 [info ] [MainThread]:   warehouse: dbt_wh
[0m11:26:43.239105 [info ] [MainThread]:   role: dbt_role
[0m11:26:43.239902 [info ] [MainThread]:   schema: dbt_schema
[0m11:26:43.240619 [info ] [MainThread]:   authenticator: None
[0m11:26:43.241368 [info ] [MainThread]:   oauth_client_id: None
[0m11:26:43.242088 [info ] [MainThread]:   query_tag: None
[0m11:26:43.242798 [info ] [MainThread]:   client_session_keep_alive: False
[0m11:26:43.243467 [info ] [MainThread]:   host: None
[0m11:26:43.244191 [info ] [MainThread]:   port: None
[0m11:26:43.244843 [info ] [MainThread]:   proxy_host: None
[0m11:26:43.245503 [info ] [MainThread]:   proxy_port: None
[0m11:26:43.246197 [info ] [MainThread]:   protocol: None
[0m11:26:43.246742 [info ] [MainThread]:   connect_retries: 1
[0m11:26:43.247388 [info ] [MainThread]:   connect_timeout: None
[0m11:26:43.247956 [info ] [MainThread]:   retry_on_database_errors: False
[0m11:26:43.248422 [info ] [MainThread]:   retry_all: False
[0m11:26:43.248881 [info ] [MainThread]:   insecure_mode: False
[0m11:26:43.249525 [info ] [MainThread]:   reuse_connections: True
[0m11:26:43.250161 [info ] [MainThread]:   s3_stage_vpce_dns_name: None
[0m11:26:43.250637 [info ] [MainThread]:   platform_detection_timeout_seconds: 0.0
[0m11:26:43.251344 [info ] [MainThread]: Registered adapter: snowflake=1.11.4
[0m11:26:43.441934 [debug] [MainThread]: Acquiring new snowflake connection 'debug'
[0m11:26:43.491008 [debug] [MainThread]: Using snowflake connection "debug"
[0m11:26:43.491494 [debug] [MainThread]: On debug: select 1 as id
[0m11:26:43.491858 [debug] [MainThread]: Opening a new connection, currently in state init
[0m11:26:46.001215 [debug] [MainThread]: SQL status: SUCCESS 1 in 2.509 seconds
[0m11:26:46.007578 [info ] [MainThread]:   Connection test: [[32mOK connection ok[0m]

[0m11:26:46.010266 [info ] [MainThread]: [31m2 checks failed:[0m
[0m11:26:46.012732 [info ] [MainThread]: Project loading failed for the following reason:
 project path </app/dbt_project.yml> not found

[0m11:26:46.015328 [info ] [MainThread]: Error from git --help: Could not find command, ensure it is in the user's PATH: "git"

[0m11:26:46.022387 [debug] [MainThread]: Resource report: {"command_name": "debug", "command_success": false, "command_wall_clock_time": 3.3867297, "process_in_blocks": "8008", "process_kernel_time": 0.386482, "process_mem_max_rss": "144872", "process_out_blocks": "3400", "process_user_time": 3.032096}
[0m11:26:46.027148 [debug] [MainThread]: Command `dbt debug` failed at 11:26:46.026159 after 3.39 seconds
[0m11:26:46.029077 [debug] [MainThread]: Connection 'debug' was left open.
[0m11:26:46.030873 [debug] [MainThread]: On debug: Close
[0m11:26:46.543960 [debug] [MainThread]: Sending event: {'category': 'dbt', 'action': 'invocation', 'label': 'end', 'context': [<snowplow_tracker.self_describing_json.SelfDescribingJson object at 0x7f59795cac60>, <snowplow_tracker.self_describing_json.SelfDescribingJson object at 0x7f5972c9bfe0>, <snowplow_tracker.self_describing_json.SelfDescribingJson object at 0x7f59725361b0>]}
[0m11:26:46.546704 [debug] [MainThread]: Flushing usage events
[0m11:26:47.149012 [debug] [MainThread]: An error was encountered while trying to flush usage events
